// Jest Snapshot v1, https://goo.gl/fbAQLP

exports[`<RandomAvatar> renders correctly 1`] = `
<img
  className="ui mini circular image"
  src="https://api.hello-avatar.com/adorables/avatars/randomFace.png"
/>
`;
